// Jest Snapshot v1, https://goo.gl/fbAQLP

exports[`useEloDistribution returns correct elo distribution for complete leaderboard 1`] = `
{
  "-100": 1,
  "-20": 0,
  "-40": 0,
  "-60": 0,
  "-80": 0,
  "0": 0,
  "100": 0,
  "1000": 1,
  "1020": 0,
  "1040": 0,
  "1060": 0,
  "1080": 0,
  "1100": 1,
  "1120": 0,
  "1140": 0,
  "1160": 0,
  "1180": 0,
  "120": 0,
  "1200": 0,
  "1220": 0,
  "1240": 1,
  "1260": 0,
  "1280": 0,
  "1300": 1,
  "1320": 0,
  "1340": 0,
  "1360": 0,
  "1380": 0,
  "140": 0,
  "1400": 0,
  "1420": 0,
  "1440": 1,
  "1460": 0,
  "1480": 0,
  "1500": 0,
  "1520": 1,
  "1540": 0,
  "1560": 0,
  "1580": 0,
  "160": 0,
  "1600": 0,
  "1620": 0,
  "1640": 2,
  "1660": 0,
  "1680": 0,
  "1700": 0,
  "1720": 0,
  "1740": 0,
  "1760": 0,
  "1780": 1,
  "180": 0,
  "1800": 0,
  "1820": 1,
  "1840": 0,
  "1860": 0,
  "1880": 0,
  "1900": 1,
  "1920": 0,
  "1940": 0,
  "1960": 0,
  "1980": 0,
  "20": 0,
  "200": 0,
  "2000": 0,
  "2020": 0,
  "2040": 0,
  "2060": 0,
  "2080": 1,
  "2100": 0,
  "2120": 0,
  "2140": 0,
  "2160": 1,
  "220": 0,
  "240": 0,
  "260": 0,
  "280": 0,
  "300": 1,
  "320": 0,
  "340": 0,
  "360": 0,
  "380": 0,
  "40": 0,
  "400": 1,
  "420": 0,
  "440": 0,
  "460": 0,
  "480": 0,
  "500": 1,
  "520": 0,
  "540": 0,
  "560": 0,
  "580": 0,
  "60": 0,
  "600": 0,
  "620": 0,
  "640": 0,
  "660": 0,
  "680": 1,
  "700": 0,
  "720": 0,
  "740": 1,
  "760": 0,
  "780": 0,
  "80": 0,
  "800": 0,
  "820": 1,
  "840": 0,
  "860": 0,
  "880": 0,
  "900": 0,
  "920": 1,
  "940": 0,
  "960": 0,
  "980": 0,
}
`;
