// Jest Snapshot v1, https://goo.gl/fbAQLP

exports[`Header matches the snapshot 1`] = `
[
  <View
    style={
      {
        "alignItems": "center",
        "backgroundColor": "#2B1F74",
        "flexDirection": "row",
        "justifyContent": "space-around",
        "padding": 8,
        "paddingTop": 8,
      }
    }
    testID="currencies-balance"
  >
    <View
      style={
        {
          "alignItems": "center",
          "flexDirection": "row",
          "gap": 4,
        }
      }
    >
      <ViewManagerAdapter_ExpoImage
        containerViewRef={"[React.ref]"}
        contentFit="contain"
        contentPosition={
          {
            "left": "50%",
            "top": "50%",
          }
        }
        height={20}
        nativeViewRef={"[React.ref]"}
        onError={[Function]}
        onLoad={[Function]}
        onLoadStart={[Function]}
        onProgress={[Function]}
        placeholder={[]}
        source={
          [
            {
              "testUri": "../../../src/assets/images/currency/coins.png",
            },
          ]
        }
        style={
          {
            "height": 20,
            "width": 20,
          }
        }
        transition={null}
        width={20}
      />
      <Text
        style={
          {
            "color": "white",
            "fontFamily": "AgencyFB-Black",
            "fontSize": 16,
          }
        }
      >
        <Text
          style={
            {
              "color": "#070032",
            }
          }
        >
          0000000
        </Text>
        0
      </Text>
    </View>
    <View
      style={
        {
          "alignItems": "center",
          "flexDirection": "row",
          "gap": 4,
        }
      }
    >
      <ViewManagerAdapter_ExpoImage
        containerViewRef={"[React.ref]"}
        contentFit="contain"
        contentPosition={
          {
            "left": "50%",
            "top": "50%",
          }
        }
        height={20}
        nativeViewRef={"[React.ref]"}
        onError={[Function]}
        onLoad={[Function]}
        onLoadStart={[Function]}
        onProgress={[Function]}
        placeholder={[]}
        source={
          [
            {
              "testUri": "../../../src/assets/images/currency/bucks.png",
            },
          ]
        }
        style={
          {
            "height": 20,
            "width": 20,
          }
        }
        transition={null}
        width={20}
      />
      <Text
        style={
          {
            "color": "white",
            "fontFamily": "AgencyFB-Black",
            "fontSize": 16,
          }
        }
      >
        <Text
          style={
            {
              "color": "#070032",
            }
          }
        >
          0000000
        </Text>
        0
      </Text>
    </View>
    <View
      style={
        {
          "alignItems": "center",
          "flexDirection": "row",
          "gap": 4,
        }
      }
    >
      <ViewManagerAdapter_ExpoImage
        containerViewRef={"[React.ref]"}
        contentFit="contain"
        contentPosition={
          {
            "left": "50%",
            "top": "50%",
          }
        }
        height={20}
        nativeViewRef={"[React.ref]"}
        onError={[Function]}
        onLoad={[Function]}
        onLoadStart={[Function]}
        onProgress={[Function]}
        placeholder={[]}
        source={
          [
            {
              "testUri": "../../../src/assets/images/currency/medals.png",
            },
          ]
        }
        style={
          {
            "height": 20,
            "width": 20,
          }
        }
        transition={null}
        width={20}
      />
      <Text
        style={
          {
            "color": "white",
            "fontFamily": "AgencyFB-Black",
            "fontSize": 16,
          }
        }
      >
        <Text
          style={
            {
              "color": "#070032",
            }
          }
        >
          0000000
        </Text>
        0
      </Text>
    </View>
  </View>,
  <View
    style={
      {
        "backgroundColor": "#FEDD84",
        "height": 2,
      }
    }
  />,
  <ViewManagerAdapter_ExpoLinearGradient
    colors={
      [
        4278518042,
        4280687939,
      ]
    }
    style={
      {
        "alignItems": "center",
        "flexDirection": "row",
        "paddingHorizontal": 8,
        "paddingVertical": 8,
      }
    }
  >
    <View
      accessibilityState={
        {
          "busy": undefined,
          "checked": undefined,
          "disabled": undefined,
          "expanded": undefined,
          "selected": undefined,
        }
      }
      accessibilityValue={
        {
          "max": undefined,
          "min": undefined,
          "now": undefined,
          "text": undefined,
        }
      }
      accessible={true}
      collapsable={false}
      focusable={true}
      onBlur={[Function]}
      onClick={[Function]}
      onFocus={[Function]}
      onResponderGrant={[Function]}
      onResponderMove={[Function]}
      onResponderRelease={[Function]}
      onResponderTerminate={[Function]}
      onResponderTerminationRequest={[Function]}
      onStartShouldSetResponder={[Function]}
      role="button"
      style={
        [
          {
            "alignItems": "center",
            "backgroundColor": "transparent",
            "justifyContent": "center",
          },
          {
            "padding": 8,
          },
        ]
      }
    >
      <
        color="white"
        name="arrow-back"
        size={24}
      />
    </View>
    <Text
      style={
        {
          "color": "white",
          "fontFamily": "FranklinGothicDemiCond-Italic",
          "fontSize": 24,
          "textTransform": "uppercase",
          "width": "100%",
        }
      }
    >
      Test title
    </Text>
  </ViewManagerAdapter_ExpoLinearGradient>,
]
`;
