// Jest Snapshot v1, https://goo.gl/fbAQLP

exports[`SignIn matches the snapshot 1`] = `
<View
  onLayout={[Function]}
  style={
    [
      {
        "alignItems": "center",
        "flex": 1,
        "gap": 24,
        "justifyContent": "center",
        "paddingHorizontal": 16,
        "paddingVertical": 24,
      },
      {
        "paddingBottom": 0,
      },
    ]
  }
>
  <Text
    style={
      {
        "color": "white",
        "fontFamily": "FranklinGothicDemiCond-Italic",
        "fontSize": 24,
        "textAlign": "center",
        "textTransform": "uppercase",
        "width": "100%",
      }
    }
  >
    Login to your
    

    in-game account
  </Text>
  <View
    style={
      {
        "gap": 12,
        "width": "100%",
      }
    }
  >
    <View
      style={
        {
          "gap": 8,
        }
      }
    >
      <TextInput
        autoCapitalize="none"
        autoComplete="email"
        cursorColor="white"
        onChangeText={[Function]}
        placeholder="EMAIL"
        placeholderTextColor="#676767"
        style={
          {
            "backgroundColor": "#161616",
            "borderColor": "#FFDF77",
            "borderWidth": 1,
            "color": "white",
            "height": 48,
            "padding": 8,
            "width": "100%",
          }
        }
        value=""
      />
      <View
        style={
          {
            "alignItems": "center",
            "flexDirection": "row",
            "justifyContent": "space-between",
            "width": "100%",
          }
        }
      />
    </View>
    <View
      style={
        {
          "gap": 8,
        }
      }
    >
      <TextInput
        autoCapitalize="none"
        autoComplete="current-password"
        cursorColor="white"
        onChangeText={[Function]}
        placeholder="PASSWORD"
        placeholderTextColor="#676767"
        secureTextEntry={true}
        style={
          {
            "backgroundColor": "#161616",
            "borderColor": "#FFDF77",
            "borderWidth": 1,
            "color": "white",
            "height": 48,
            "padding": 8,
            "width": "100%",
          }
        }
        value=""
      />
      <View
        style={
          {
            "alignItems": "center",
            "flexDirection": "row",
            "justifyContent": "space-between",
            "width": "100%",
          }
        }
      >
        <View
          accessibilityState={
            {
              "busy": undefined,
              "checked": undefined,
              "disabled": undefined,
              "expanded": undefined,
              "selected": undefined,
            }
          }
          accessibilityValue={
            {
              "max": undefined,
              "min": undefined,
              "now": undefined,
              "text": undefined,
            }
          }
          accessible={true}
          collapsable={false}
          focusable={true}
          onBlur={[Function]}
          onClick={[Function]}
          onFocus={[Function]}
          onResponderGrant={[Function]}
          onResponderMove={[Function]}
          onResponderRelease={[Function]}
          onResponderTerminate={[Function]}
          onResponderTerminationRequest={[Function]}
          onStartShouldSetResponder={[Function]}
          role="button"
          style={
            {
              "flex": 1,
              "padding": 4,
            }
          }
        >
          <Text
            style={
              {
                "color": "#CACEFF",
                "fontFamily": "FranklinGothicDemiCond-Italic",
                "fontSize": 14,
                "textAlign": "right",
                "textDecorationLine": "underline",
              }
            }
          >
            Forgot your password?
          </Text>
        </View>
      </View>
    </View>
  </View>
  <View
    accessibilityState={
      {
        "busy": undefined,
        "checked": undefined,
        "disabled": undefined,
        "expanded": undefined,
        "selected": undefined,
      }
    }
    accessibilityValue={
      {
        "max": undefined,
        "min": undefined,
        "now": undefined,
        "text": undefined,
      }
    }
    accessible={true}
    collapsable={false}
    focusable={true}
    onBlur={[Function]}
    onClick={[Function]}
    onFocus={[Function]}
    onResponderGrant={[Function]}
    onResponderMove={[Function]}
    onResponderRelease={[Function]}
    onResponderTerminate={[Function]}
    onResponderTerminationRequest={[Function]}
    onStartShouldSetResponder={[Function]}
    role="button"
  >
    <ViewManagerAdapter_ExpoLinearGradient
      colors={
        [
          4281146742,
          4284183501,
        ]
      }
      endPoint={
        [
          1,
          0,
        ]
      }
      startPoint={
        [
          0,
          0,
        ]
      }
      style={
        {
          "padding": 4,
          "paddingHorizontal": 24,
        }
      }
    >
      <Text
        style={
          [
            {
              "color": "white",
              "fontFamily": "FranklinGothicDemiCond-Regular",
              "fontSize": 16,
              "textAlign": "center",
              "textTransform": "uppercase",
            },
            false,
          ]
        }
      >
        Login
      </Text>
    </ViewManagerAdapter_ExpoLinearGradient>
  </View>
  <View
    accessibilityState={
      {
        "busy": undefined,
        "checked": undefined,
        "disabled": undefined,
        "expanded": undefined,
        "selected": undefined,
      }
    }
    accessible={true}
    focusable={true}
    onClick={[Function]}
    onResponderGrant={[Function]}
    onResponderMove={[Function]}
    onResponderRelease={[Function]}
    onResponderTerminate={[Function]}
    onResponderTerminationRequest={[Function]}
    onStartShouldSetResponder={[Function]}
    style={
      [
        {
          "flexDirection": "row",
          "gap": 8,
        },
        {
          "bottom": 24,
          "position": "absolute",
        },
      ]
    }
    testID="disclaimer"
  >
    <
      name="information-circle-sharp"
      style={
        {
          "color": "#C8C8D5",
          "fontSize": 24,
        }
      }
    />
    <Text
      style={
        {
          "color": "#C8C8D5",
          "flexShrink": 1,
          "fontFamily": "FranklinGothicDemiCond-Italic",
          "fontSize": 14,
        }
      }
    >
      This project is a fan-made creation and is not affiliated with Aether Studios or Offbrand Games in any official capacity. The app works directly between your device and the official game servers, with no third parties involved in transferring or processing your data. 
      <Text
        style={
          {
            "color": "white",
            "textDecorationLine": "underline",
          }
        }
      >
        Learn more...
      </Text>
    </Text>
  </View>
</View>
`;

exports[`SignIn matches the snapshot 2`] = `
[
  <View
    onLayout={[Function]}
    style={
      {
        "alignItems": "center",
        "flex": 1,
        "gap": 24,
        "justifyContent": "center",
        "paddingHorizontal": 16,
        "paddingVertical": 24,
      }
    }
  >
    <Text
      style={
        {
          "color": "white",
          "fontFamily": "FranklinGothicDemiCond-Italic",
          "fontSize": 24,
          "textAlign": "center",
          "textTransform": "uppercase",
          "width": "100%",
        }
      }
    >
      Login to your
      

      in-game account
    </Text>
    <View
      style={
        {
          "gap": 12,
          "width": "100%",
        }
      }
    >
      <View
        style={
          {
            "gap": 8,
          }
        }
      >
        <TextInput
          autoCapitalize="none"
          autoComplete="email"
          cursorColor="white"
          onChangeText={[Function]}
          placeholder="EMAIL"
          placeholderTextColor="#676767"
          style={
            {
              "backgroundColor": "#161616",
              "borderColor": "#FFDF77",
              "borderWidth": 1,
              "color": "white",
              "height": 48,
              "padding": 8,
              "width": "100%",
            }
          }
          value=""
        />
        <View
          style={
            {
              "alignItems": "center",
              "flexDirection": "row",
              "justifyContent": "space-between",
              "width": "100%",
            }
          }
        />
      </View>
      <View
        style={
          {
            "gap": 8,
          }
        }
      >
        <TextInput
          autoCapitalize="none"
          autoComplete="current-password"
          cursorColor="white"
          onChangeText={[Function]}
          placeholder="PASSWORD"
          placeholderTextColor="#676767"
          secureTextEntry={true}
          style={
            {
              "backgroundColor": "#161616",
              "borderColor": "#FFDF77",
              "borderWidth": 1,
              "color": "white",
              "height": 48,
              "padding": 8,
              "width": "100%",
            }
          }
          value=""
        />
        <View
          style={
            {
              "alignItems": "center",
              "flexDirection": "row",
              "justifyContent": "space-between",
              "width": "100%",
            }
          }
        >
          <View
            accessibilityState={
              {
                "busy": undefined,
                "checked": undefined,
                "disabled": undefined,
                "expanded": undefined,
                "selected": undefined,
              }
            }
            accessibilityValue={
              {
                "max": undefined,
                "min": undefined,
                "now": undefined,
                "text": undefined,
              }
            }
            accessible={true}
            collapsable={false}
            focusable={true}
            onBlur={[Function]}
            onClick={[Function]}
            onFocus={[Function]}
            onResponderGrant={[Function]}
            onResponderMove={[Function]}
            onResponderRelease={[Function]}
            onResponderTerminate={[Function]}
            onResponderTerminationRequest={[Function]}
            onStartShouldSetResponder={[Function]}
            role="button"
            style={
              {
                "flex": 1,
                "padding": 4,
              }
            }
          >
            <Text
              style={
                {
                  "color": "#CACEFF",
                  "fontFamily": "FranklinGothicDemiCond-Italic",
                  "fontSize": 14,
                  "textAlign": "right",
                  "textDecorationLine": "underline",
                }
              }
            >
              Forgot your password?
            </Text>
          </View>
        </View>
      </View>
    </View>
    <View
      accessibilityState={
        {
          "busy": undefined,
          "checked": undefined,
          "disabled": undefined,
          "expanded": undefined,
          "selected": undefined,
        }
      }
      accessibilityValue={
        {
          "max": undefined,
          "min": undefined,
          "now": undefined,
          "text": undefined,
        }
      }
      accessible={true}
      collapsable={false}
      focusable={true}
      onBlur={[Function]}
      onClick={[Function]}
      onFocus={[Function]}
      onResponderGrant={[Function]}
      onResponderMove={[Function]}
      onResponderRelease={[Function]}
      onResponderTerminate={[Function]}
      onResponderTerminationRequest={[Function]}
      onStartShouldSetResponder={[Function]}
      role="button"
    >
      <ViewManagerAdapter_ExpoLinearGradient
        colors={
          [
            4281146742,
            4284183501,
          ]
        }
        endPoint={
          [
            1,
            0,
          ]
        }
        startPoint={
          [
            0,
            0,
          ]
        }
        style={
          {
            "padding": 4,
            "paddingHorizontal": 24,
          }
        }
      >
        <Text
          style={
            [
              {
                "color": "white",
                "fontFamily": "FranklinGothicDemiCond-Regular",
                "fontSize": 16,
                "textAlign": "center",
                "textTransform": "uppercase",
              },
              false,
            ]
          }
        >
          Login
        </Text>
      </ViewManagerAdapter_ExpoLinearGradient>
    </View>
    <View
      accessibilityState={
        {
          "busy": undefined,
          "checked": undefined,
          "disabled": undefined,
          "expanded": undefined,
          "selected": undefined,
        }
      }
      accessible={true}
      focusable={true}
      onClick={[Function]}
      onResponderGrant={[Function]}
      onResponderMove={[Function]}
      onResponderRelease={[Function]}
      onResponderTerminate={[Function]}
      onResponderTerminationRequest={[Function]}
      onStartShouldSetResponder={[Function]}
      style={
        [
          {
            "flexDirection": "row",
            "gap": 8,
          },
          {
            "bottom": 24,
            "position": "absolute",
          },
        ]
      }
      testID="disclaimer"
    >
      <
        name="information-circle-sharp"
        style={
          {
            "color": "#C8C8D5",
            "fontSize": 24,
          }
        }
      />
      <Text
        style={
          {
            "color": "#C8C8D5",
            "flexShrink": 1,
            "fontFamily": "FranklinGothicDemiCond-Italic",
            "fontSize": 14,
          }
        }
      >
        This project is a fan-made creation and is not affiliated with Aether Studios or Offbrand Games in any official capacity. The app works directly between your device and the official game servers, with no third parties involved in transferring or processing your data. 
        <Text
          style={
            {
              "color": "white",
              "textDecorationLine": "underline",
            }
          }
        >
          Learn more...
        </Text>
      </Text>
    </View>
  </View>,
  <View>
    <Modal
      animationType="fade"
      hardwareAccelerated={false}
      onRequestClose={[Function]}
      statusBarTranslucent={true}
      transparent={true}
      visible={true}
    >
      <View
        style={
          {
            "alignItems": "center",
            "flex": 1,
            "justifyContent": "center",
          }
        }
      >
        <View
          accessibilityState={
            {
              "busy": undefined,
              "checked": undefined,
              "disabled": undefined,
              "expanded": undefined,
              "selected": undefined,
            }
          }
          accessibilityValue={
            {
              "max": undefined,
              "min": undefined,
              "now": undefined,
              "text": undefined,
            }
          }
          accessible={true}
          collapsable={false}
          focusable={true}
          onBlur={[Function]}
          onClick={[Function]}
          onFocus={[Function]}
          onResponderGrant={[Function]}
          onResponderMove={[Function]}
          onResponderRelease={[Function]}
          onResponderTerminate={[Function]}
          onResponderTerminationRequest={[Function]}
          onStartShouldSetResponder={[Function]}
          style={
            {
              "backgroundColor": "#161616AA",
              "height": "100%",
              "position": "absolute",
              "width": "100%",
            }
          }
          testID="overlay"
        />
        <View
          style={
            {
              "backgroundColor": "#0E0B2A",
              "borderColor": "#FFDF77",
              "borderWidth": 2,
              "gap": 16,
              "padding": 16,
              "width": "85%",
            }
          }
          testID="dialog"
        >
          <Text
            style={
              {
                "color": "white",
                "fontFamily": "FranklinGothicDemiCond-Regular",
                "fontSize": 16,
              }
            }
          >
            After submitting, you will receive an email from Aether Studios allowing you to reset your password
          </Text>
          <View
            style={
              {
                "gap": 8,
              }
            }
          >
            <TextInput
              autoCapitalize="none"
              autoComplete="email"
              cursorColor="white"
              onChangeText={[Function]}
              placeholder="EMAIL"
              placeholderTextColor="#676767"
              style={
                {
                  "backgroundColor": "#161616",
                  "borderColor": "#FFDF77",
                  "borderWidth": 1,
                  "color": "white",
                  "height": 48,
                  "padding": 8,
                  "width": "100%",
                }
              }
              value=""
            />
            <View
              style={
                {
                  "alignItems": "center",
                  "flexDirection": "row",
                  "justifyContent": "space-between",
                  "width": "100%",
                }
              }
            />
          </View>
          <View
            accessibilityState={
              {
                "busy": undefined,
                "checked": undefined,
                "disabled": undefined,
                "expanded": undefined,
                "selected": undefined,
              }
            }
            accessibilityValue={
              {
                "max": undefined,
                "min": undefined,
                "now": undefined,
                "text": undefined,
              }
            }
            accessible={true}
            collapsable={false}
            focusable={true}
            onBlur={[Function]}
            onClick={[Function]}
            onFocus={[Function]}
            onResponderGrant={[Function]}
            onResponderMove={[Function]}
            onResponderRelease={[Function]}
            onResponderTerminate={[Function]}
            onResponderTerminationRequest={[Function]}
            onStartShouldSetResponder={[Function]}
            role="button"
          >
            <ViewManagerAdapter_ExpoLinearGradient
              colors={
                [
                  4281146742,
                  4284183501,
                ]
              }
              endPoint={
                [
                  1,
                  0,
                ]
              }
              startPoint={
                [
                  0,
                  0,
                ]
              }
              style={
                {
                  "padding": 4,
                  "paddingHorizontal": 24,
                }
              }
            >
              <Text
                style={
                  [
                    {
                      "color": "white",
                      "fontFamily": "FranklinGothicDemiCond-Regular",
                      "fontSize": 16,
                      "textAlign": "center",
                      "textTransform": "uppercase",
                    },
                    false,
                  ]
                }
              >
                Reset password
              </Text>
            </ViewManagerAdapter_ExpoLinearGradient>
          </View>
        </View>
      </View>
    </Modal>
  </View>,
]
`;
