// Jest Snapshot v1, https://goo.gl/fbAQLP

exports[`Stats matches the snapshot 1`] = `
<RCTScrollView
  contentContainerStyle={
    {
      "gap": 16,
      "padding": 16,
    }
  }
>
  <RCTRefreshControl />
  <View>
    <ViewManagerAdapter_ExpoLinearGradient
      colors={
        [
          4283136696,
          0,
        ]
      }
      endPoint={
        [
          1,
          0,
        ]
      }
      startPoint={
        [
          0.3333333333333333,
          0,
        ]
      }
      style={
        {
          "gap": 8,
          "padding": 8,
        }
      }
    >
      <View
        style={
          {
            "flexDirection": "row",
            "justifyContent": "space-between",
          }
        }
      >
        <Text
          style={
            {
              "color": "white",
              "fontFamily": "AgencyFB-Bold",
              "fontSize": 20,
              "textTransform": "uppercase",
            }
          }
        >
          Ranked - 
          Season 1
        </Text>
        <View
          style={
            {
              "alignItems": "center",
              "flexDirection": "row",
            }
          }
        >
          <View
            accessibilityState={
              {
                "busy": undefined,
                "checked": undefined,
                "disabled": true,
                "expanded": undefined,
                "selected": undefined,
              }
            }
            accessibilityValue={
              {
                "max": undefined,
                "min": undefined,
                "now": undefined,
                "text": undefined,
              }
            }
            accessible={true}
            collapsable={false}
            focusable={true}
            onBlur={[Function]}
            onClick={[Function]}
            onFocus={[Function]}
            onResponderGrant={[Function]}
            onResponderMove={[Function]}
            onResponderRelease={[Function]}
            onResponderTerminate={[Function]}
            onResponderTerminationRequest={[Function]}
            onStartShouldSetResponder={[Function]}
            role="button"
            style={
              [
                {
                  "alignItems": "center",
                  "backgroundColor": "transparent",
                  "justifyContent": "center",
                },
                {
                  "padding": 2,
                },
              ]
            }
          >
            <
              color="#AAAAAA"
              name="arrow-back"
              size={24}
            />
          </View>
          <Text
            style={
              {
                "color": "white",
                "fontFamily": "AgencyFB-Bold",
                "fontSize": 20,
                "textTransform": "uppercase",
              }
            }
          >
            S
            1
          </Text>
          <View
            accessibilityState={
              {
                "busy": undefined,
                "checked": undefined,
                "disabled": false,
                "expanded": undefined,
                "selected": undefined,
              }
            }
            accessibilityValue={
              {
                "max": undefined,
                "min": undefined,
                "now": undefined,
                "text": undefined,
              }
            }
            accessible={true}
            collapsable={false}
            focusable={true}
            onBlur={[Function]}
            onClick={[Function]}
            onFocus={[Function]}
            onResponderGrant={[Function]}
            onResponderMove={[Function]}
            onResponderRelease={[Function]}
            onResponderTerminate={[Function]}
            onResponderTerminationRequest={[Function]}
            onStartShouldSetResponder={[Function]}
            role="button"
            style={
              [
                {
                  "alignItems": "center",
                  "backgroundColor": "transparent",
                  "justifyContent": "center",
                },
                {
                  "padding": 2,
                },
              ]
            }
          >
            <
              color="white"
              name="arrow-forward"
              size={24}
            />
          </View>
        </View>
      </View>
      <View
        style={
          {
            "alignItems": "flex-end",
            "flexDirection": "row",
            "justifyContent": "space-between",
          }
        }
      >
        <View>
          <Text
            style={
              {
                "color": "white",
                "fontFamily": "FranklinGothicDemiCond-Regular",
                "fontSize": 16,
                "textTransform": "uppercase",
              }
            }
          >
            100
             sets: 
            75
             W -
             
            25
             L
          </Text>
          <Text
            style={
              {
                "color": "white",
                "fontFamily": "FranklinGothicDemiCond-Regular",
                "fontSize": 16,
                "textTransform": "uppercase",
              }
            }
          >
            Winrate: 
            75.00
            %
          </Text>
        </View>
        <View
          style={
            {
              "alignItems": "center",
              "flex": 1,
              "flexDirection": "row",
              "gap": 4,
              "justifyContent": "flex-end",
            }
          }
        >
          <ViewManagerAdapter_ExpoImage
            containerViewRef={"[React.ref]"}
            contentFit="contain"
            contentPosition={
              {
                "left": "50%",
                "top": "50%",
              }
            }
            height={24}
            nativeViewRef={"[React.ref]"}
            onError={[Function]}
            onLoad={[Function]}
            onLoadStart={[Function]}
            onProgress={[Function]}
            placeholder={[]}
            source={
              [
                {
                  "testUri": "../../../src/features/stats/assets/images/rank/gold.png",
                },
              ]
            }
            style={
              {
                "height": 24,
                "width": 24,
              }
            }
            transition={null}
            width={24}
          />
          <Text
            style={
              {
                "color": "white",
                "fontFamily": "FranklinGothicDemiCond-Regular",
                "fontSize": 16,
                "textTransform": "uppercase",
              }
            }
          >
            <Text
              style={
                {
                  "color": "#FFC64E",
                }
              }
            >
              925
            </Text>
             - #
            123
          </Text>
        </View>
      </View>
      <View>
        <View
          testID="rank-distribution"
        >
          <
            data={
              [
                {
                  "barWidth": 186.1246133451171,
                  "frontColor": "#7F7A66",
                  "topLabelComponent": [Function],
                  "value": 3,
                },
                {
                  "barWidth": 62.0415377817057,
                  "frontColor": "#B87A2E",
                  "topLabelComponent": [Function],
                  "value": 2,
                },
                {
                  "barWidth": 62.0415377817057,
                  "frontColor": "#C8C8D5",
                  "topLabelComponent": [Function],
                  "value": 2,
                },
                {
                  "barWidth": 62.0415377817057,
                  "frontColor": "#FFC64E",
                  "topLabelComponent": [Function],
                  "value": 2,
                },
                {
                  "barWidth": 62.0415377817057,
                  "frontColor": "#C3C4FF",
                  "topLabelComponent": [Function],
                  "value": 3,
                },
                {
                  "barWidth": 62.0415377817057,
                  "frontColor": "#95DFEC",
                  "topLabelComponent": [Function],
                  "value": 1,
                },
                {
                  "barWidth": 62.0415377817057,
                  "frontColor": "#9CE7AC",
                  "topLabelComponent": [Function],
                  "value": 3,
                },
                {
                  "barWidth": 42.80866106937693,
                  "frontColor": "#FC7575",
                  "topLabelComponent": [Function],
                  "value": 1,
                },
                {
                  "barWidth": 100.81749889527177,
                  "frontColor": "#BD7CC5",
                  "topLabelComponent": [Function],
                  "value": 4,
                },
              ]
            }
            disablePress={true}
            disableScroll={true}
            height={702}
            hideAxesAndRules={true}
            spacing={0}
            width={702}
            xAxisLabelsHeight={0}
            yAxisLabelWidth={0}
          />
        </View>
        <View
          style={
            {
              "position": "absolute",
            }
          }
          testID="elo-distribution"
        >
          <
            adjustToWidth={true}
            data={
              [
                {
                  "value": 0,
                },
                {
                  "value": 0,
                },
                {
                  "value": 0,
                },
                {
                  "value": 0,
                },
                {
                  "value": 0,
                },
                {
                  "value": 0,
                },
                {
                  "value": 0,
                },
                {
                  "value": 0,
                },
                {
                  "value": 0,
                },
                {
                  "value": 0,
                },
                {
                  "value": 0,
                },
                {
                  "value": 0,
                },
                {
                  "value": 0,
                },
                {
                  "value": 0,
                },
                {
                  "value": 0,
                },
                {
                  "value": 1,
                },
                {
                  "value": 0,
                },
                {
                  "value": 0,
                },
                {
                  "value": 0,
                },
                {
                  "value": 0,
                },
                {
                  "value": 1,
                },
                {
                  "value": 0,
                },
                {
                  "value": 0,
                },
                {
                  "value": 0,
                },
                {
                  "value": 0,
                },
                {
                  "value": 1,
                },
                {
                  "value": 0,
                },
                {
                  "value": 0,
                },
                {
                  "value": 0,
                },
                {
                  "value": 0,
                },
                {
                  "value": 0,
                },
                {
                  "value": 0,
                },
                {
                  "value": 0,
                },
                {
                  "value": 0,
                },
                {
                  "value": 1,
                },
                {
                  "value": 0,
                },
                {
                  "value": 0,
                },
                {
                  "value": 1,
                },
                {
                  "value": 0,
                },
                {
                  "value": 0,
                },
                {
                  "value": 0,
                },
                {
                  "value": 1,
                },
                {
                  "value": 0,
                },
                {
                  "value": 0,
                },
                {
                  "value": 0,
                },
                {
                  "value": 0,
                },
                {
                  "dataPointColor": "red",
                  "dataPointRadius": 2,
                  "value": 1,
                },
                {
                  "value": 0,
                },
                {
                  "value": 0,
                },
                {
                  "value": 0,
                },
                {
                  "value": 1,
                },
                {
                  "value": 0,
                },
                {
                  "value": 0,
                },
                {
                  "value": 0,
                },
                {
                  "value": 0,
                },
                {
                  "value": 1,
                },
                {
                  "value": 0,
                },
                {
                  "value": 0,
                },
                {
                  "value": 0,
                },
                {
                  "value": 0,
                },
                {
                  "value": 0,
                },
                {
                  "value": 0,
                },
                {
                  "value": 1,
                },
                {
                  "value": 0,
                },
                {
                  "value": 0,
                },
                {
                  "value": 1,
                },
                {
                  "value": 0,
                },
                {
                  "value": 0,
                },
                {
                  "value": 0,
                },
                {
                  "value": 0,
                },
                {
                  "value": 0,
                },
                {
                  "value": 0,
                },
                {
                  "value": 1,
                },
                {
                  "value": 0,
                },
                {
                  "value": 0,
                },
                {
                  "value": 0,
                },
                {
                  "value": 1,
                },
                {
                  "value": 0,
                },
                {
                  "value": 0,
                },
                {
                  "value": 0,
                },
                {
                  "value": 0,
                },
                {
                  "value": 0,
                },
                {
                  "value": 2,
                },
                {
                  "value": 0,
                },
                {
                  "value": 0,
                },
                {
                  "value": 0,
                },
                {
                  "value": 0,
                },
                {
                  "value": 0,
                },
                {
                  "value": 0,
                },
                {
                  "value": 1,
                },
                {
                  "value": 0,
                },
                {
                  "value": 1,
                },
                {
                  "value": 0,
                },
                {
                  "value": 0,
                },
                {
                  "value": 0,
                },
                {
                  "value": 1,
                },
                {
                  "value": 0,
                },
                {
                  "value": 0,
                },
                {
                  "value": 0,
                },
                {
                  "value": 0,
                },
                {
                  "value": 0,
                },
                {
                  "value": 0,
                },
                {
                  "value": 0,
                },
                {
                  "value": 0,
                },
                {
                  "value": 1,
                },
                {
                  "value": 0,
                },
                {
                  "value": 0,
                },
                {
                  "value": 0,
                },
                {
                  "value": 1,
                },
                {
                  "value": 1,
                },
                {
                  "value": 0,
                },
                {
                  "value": 0,
                },
                {
                  "value": 0,
                },
                {
                  "value": 0,
                },
              ]
            }
            dataPointsColor="transparent"
            disableScroll={true}
            height={702}
            hideAxesAndRules={true}
            initialSpacing={0}
            thickness={1}
            width={702}
            xAxisLabelsHeight={0}
            yAxisLabelWidth={0}
          />
        </View>
      </View>
    </ViewManagerAdapter_ExpoLinearGradient>
    <ViewManagerAdapter_ExpoLinearGradient
      colors={
        [
          4283136696,
          0,
        ]
      }
      endPoint={
        [
          1,
          0,
        ]
      }
      startPoint={
        [
          0.3333333333333333,
          0,
        ]
      }
      style={
        {
          "gap": 8,
          "padding": 8,
        }
      }
    >
      <Text
        style={
          {
            "color": "white",
            "fontFamily": "AgencyFB-Bold",
            "fontSize": 20,
            "textTransform": "uppercase",
          }
        }
      >
        Global
      </Text>
      <View>
        <Text
          style={
            {
              "color": "white",
              "fontFamily": "FranklinGothicDemiCond-Regular",
              "fontSize": 16,
              "textTransform": "uppercase",
            }
          }
        >
          500
           games: 
          300
           W -
           
          200
           L
        </Text>
        <Text
          style={
            {
              "color": "white",
              "fontFamily": "FranklinGothicDemiCond-Regular",
              "fontSize": 16,
              "textTransform": "uppercase",
            }
          }
        >
          Winrate: 
          60.00
          %
        </Text>
      </View>
    </ViewManagerAdapter_ExpoLinearGradient>
    <ViewManagerAdapter_ExpoLinearGradient
      colors={
        [
          4283136696,
          0,
        ]
      }
      endPoint={
        [
          1,
          0,
        ]
      }
      startPoint={
        [
          0.3333333333333333,
          0,
        ]
      }
      style={
        {
          "gap": 8,
          "padding": 8,
        }
      }
    >
      <Text
        style={
          {
            "color": "white",
            "fontFamily": "AgencyFB-Bold",
            "fontSize": 20,
            "textTransform": "uppercase",
          }
        }
      >
        Characters
      </Text>
      <View>
        <View
          style={
            {
              "borderBottomWidth": 1,
              "borderColor": "#FEDD84",
              "flexDirection": "row",
              "width": "100%",
            }
          }
        >
          <View
            style={
              {
                "alignItems": "center",
                "flex": 0.2,
                "justifyContent": "center",
              }
            }
          />
          <Text
            style={
              [
                {
                  "color": "white",
                  "fontFamily": "FranklinGothicDemiCond-Regular",
                  "fontSize": 16,
                  "textTransform": "uppercase",
                },
                {
                  "borderColor": "#FEDD84",
                  "borderLeftWidth": 1,
                  "flex": 0.4,
                  "paddingLeft": 8,
                },
              ]
            }
          >
            Level
          </Text>
          <Text
            style={
              [
                {
                  "color": "white",
                  "fontFamily": "FranklinGothicDemiCond-Regular",
                  "fontSize": 16,
                  "textTransform": "uppercase",
                },
                {
                  "borderColor": "#FEDD84",
                  "borderLeftWidth": 1,
                  "flex": 0.4,
                  "paddingLeft": 8,
                },
              ]
            }
          >
            Games
          </Text>
        </View>
        <View
          style={
            {
              "borderBottomWidth": 1,
              "borderColor": "#FEDD84",
              "flexDirection": "row",
              "width": "100%",
            }
          }
        >
          <View
            style={
              {
                "alignItems": "center",
                "flex": 0.2,
                "justifyContent": "center",
              }
            }
          >
            <ViewManagerAdapter_ExpoImage
              containerViewRef={"[React.ref]"}
              contentFit="contain"
              contentPosition={
                {
                  "left": "50%",
                  "top": "50%",
                }
              }
              height={24}
              nativeViewRef={"[React.ref]"}
              onError={[Function]}
              onLoad={[Function]}
              onLoadStart={[Function]}
              onProgress={[Function]}
              placeholder={[]}
              source={
                [
                  {
                    "testUri": "../../../src/assets/images/character/olympia.png",
                  },
                ]
              }
              style={
                {
                  "height": 24,
                  "width": 24,
                }
              }
              transition={null}
              width={24}
            />
          </View>
          <Text
            style={
              [
                {
                  "color": "white",
                  "fontFamily": "FranklinGothicDemiCond-Regular",
                  "fontSize": 16,
                  "textTransform": "uppercase",
                },
                {
                  "borderColor": "#FEDD84",
                  "borderLeftWidth": 1,
                  "flex": 0.4,
                  "paddingLeft": 8,
                },
              ]
            }
          >
            10
          </Text>
          <Text
            style={
              [
                {
                  "color": "white",
                  "fontFamily": "FranklinGothicDemiCond-Regular",
                  "fontSize": 16,
                  "textTransform": "uppercase",
                },
                {
                  "borderColor": "#FEDD84",
                  "borderLeftWidth": 1,
                  "flex": 0.4,
                  "paddingLeft": 8,
                },
              ]
            }
          >
            10
          </Text>
        </View>
        <View
          style={
            {
              "borderBottomWidth": 1,
              "borderColor": "#FEDD84",
              "flexDirection": "row",
              "width": "100%",
            }
          }
        >
          <View
            style={
              {
                "alignItems": "center",
                "flex": 0.2,
                "justifyContent": "center",
              }
            }
          >
            <ViewManagerAdapter_ExpoImage
              containerViewRef={"[React.ref]"}
              contentFit="contain"
              contentPosition={
                {
                  "left": "50%",
                  "top": "50%",
                }
              }
              height={24}
              nativeViewRef={"[React.ref]"}
              onError={[Function]}
              onLoad={[Function]}
              onLoadStart={[Function]}
              onProgress={[Function]}
              placeholder={[]}
              source={
                [
                  {
                    "testUri": "../../../src/assets/images/character/clairen.png",
                  },
                ]
              }
              style={
                {
                  "height": 24,
                  "width": 24,
                }
              }
              transition={null}
              width={24}
            />
          </View>
          <Text
            style={
              [
                {
                  "color": "white",
                  "fontFamily": "FranklinGothicDemiCond-Regular",
                  "fontSize": 16,
                  "textTransform": "uppercase",
                },
                {
                  "borderColor": "#FEDD84",
                  "borderLeftWidth": 1,
                  "flex": 0.4,
                  "paddingLeft": 8,
                },
              ]
            }
          >
            5
          </Text>
          <Text
            style={
              [
                {
                  "color": "white",
                  "fontFamily": "FranklinGothicDemiCond-Regular",
                  "fontSize": 16,
                  "textTransform": "uppercase",
                },
                {
                  "borderColor": "#FEDD84",
                  "borderLeftWidth": 1,
                  "flex": 0.4,
                  "paddingLeft": 8,
                },
              ]
            }
          >
            50
          </Text>
        </View>
        <View
          style={
            {
              "borderBottomWidth": 1,
              "borderColor": "#FEDD84",
              "flexDirection": "row",
              "width": "100%",
            }
          }
        >
          <View
            style={
              {
                "alignItems": "center",
                "flex": 0.2,
                "justifyContent": "center",
              }
            }
          >
            <ViewManagerAdapter_ExpoImage
              containerViewRef={"[React.ref]"}
              contentFit="contain"
              contentPosition={
                {
                  "left": "50%",
                  "top": "50%",
                }
              }
              height={24}
              nativeViewRef={"[React.ref]"}
              onError={[Function]}
              onLoad={[Function]}
              onLoadStart={[Function]}
              onProgress={[Function]}
              placeholder={[]}
              source={
                [
                  {
                    "testUri": "../../../src/assets/images/character/ranno.png",
                  },
                ]
              }
              style={
                {
                  "height": 24,
                  "width": 24,
                }
              }
              transition={null}
              width={24}
            />
          </View>
          <Text
            style={
              [
                {
                  "color": "white",
                  "fontFamily": "FranklinGothicDemiCond-Regular",
                  "fontSize": 16,
                  "textTransform": "uppercase",
                },
                {
                  "borderColor": "#FEDD84",
                  "borderLeftWidth": 1,
                  "flex": 0.4,
                  "paddingLeft": 8,
                },
              ]
            }
          >
            5
          </Text>
          <Text
            style={
              [
                {
                  "color": "white",
                  "fontFamily": "FranklinGothicDemiCond-Regular",
                  "fontSize": 16,
                  "textTransform": "uppercase",
                },
                {
                  "borderColor": "#FEDD84",
                  "borderLeftWidth": 1,
                  "flex": 0.4,
                  "paddingLeft": 8,
                },
              ]
            }
          >
            30
          </Text>
        </View>
        <View
          style={
            {
              "borderBottomWidth": 0,
              "borderColor": "#FEDD84",
              "flexDirection": "row",
              "width": "100%",
            }
          }
        >
          <View
            style={
              {
                "alignItems": "center",
                "flex": 0.2,
                "justifyContent": "center",
              }
            }
          >
            <ViewManagerAdapter_ExpoImage
              containerViewRef={"[React.ref]"}
              contentFit="contain"
              contentPosition={
                {
                  "left": "50%",
                  "top": "50%",
                }
              }
              height={24}
              nativeViewRef={"[React.ref]"}
              onError={[Function]}
              onLoad={[Function]}
              onLoadStart={[Function]}
              onProgress={[Function]}
              placeholder={[]}
              source={
                [
                  {
                    "testUri": "../../../src/assets/images/character/kragg.png",
                  },
                ]
              }
              style={
                {
                  "height": 24,
                  "width": 24,
                }
              }
              transition={null}
              width={24}
            />
          </View>
          <Text
            style={
              [
                {
                  "color": "white",
                  "fontFamily": "FranklinGothicDemiCond-Regular",
                  "fontSize": 16,
                  "textTransform": "uppercase",
                },
                {
                  "borderColor": "#FEDD84",
                  "borderLeftWidth": 1,
                  "flex": 0.4,
                  "paddingLeft": 8,
                },
              ]
            }
          >
            3
          </Text>
          <Text
            style={
              [
                {
                  "color": "white",
                  "fontFamily": "FranklinGothicDemiCond-Regular",
                  "fontSize": 16,
                  "textTransform": "uppercase",
                },
                {
                  "borderColor": "#FEDD84",
                  "borderLeftWidth": 1,
                  "flex": 0.4,
                  "paddingLeft": 8,
                },
              ]
            }
          >
            20
          </Text>
        </View>
      </View>
    </ViewManagerAdapter_ExpoLinearGradient>
  </View>
</RCTScrollView>
`;
